
=== horizon 1d ===
Panel: 1259 dates (2013-02-08 -> 2018-02-07), 500 tickers, 618,377 observations
FeatureDataset: 484,533 rows, 25 features, 1000 dates (2014-02-20 -> 2018-02-07)
lockbox: 4 fold(s) with test >= 2017-06-01 excluded from this iteration run (final run uses include_holdout=True)
6 folds; gap=7 trading days (purge+embargo)
Fold 0: train 2014-02-20..2015-10-20 (421d) -> test 2015-10-29..2016-01-29 (63d)
/usr/local/lib/python3.11/dist-packages/lightgbm/sklearn.py:1106: LGBMDeprecationWarning: The argument 'eval_set' is deprecated, use 'eval_X' and 'eval_y' instead.
  eval_set = _validate_eval_set_Xy(eval_set=eval_set, eval_X=eval_X, eval_y=eval_y)
Fold 1: train 2014-02-20..2016-01-21 (484d) -> test 2016-02-01..2016-04-29 (63d)
/usr/local/lib/python3.11/dist-packages/lightgbm/sklearn.py:1106: LGBMDeprecationWarning: The argument 'eval_set' is deprecated, use 'eval_X' and 'eval_y' instead.
  eval_set = _validate_eval_set_Xy(eval_set=eval_set, eval_X=eval_X, eval_y=eval_y)
Fold 2: train 2014-02-20..2016-04-21 (547d) -> test 2016-05-02..2016-07-29 (63d)
/usr/local/lib/python3.11/dist-packages/lightgbm/sklearn.py:1106: LGBMDeprecationWarning: The argument 'eval_set' is deprecated, use 'eval_X' and 'eval_y' instead.
  eval_set = _validate_eval_set_Xy(eval_set=eval_set, eval_X=eval_X, eval_y=eval_y)
Fold 3: train 2014-02-20..2016-07-21 (610d) -> test 2016-08-01..2016-10-27 (63d)
/usr/local/lib/python3.11/dist-packages/lightgbm/sklearn.py:1106: LGBMDeprecationWarning: The argument 'eval_set' is deprecated, use 'eval_X' and 'eval_y' instead.
  eval_set = _validate_eval_set_Xy(eval_set=eval_set, eval_X=eval_X, eval_y=eval_y)
Fold 4: train 2014-02-20..2016-10-19 (673d) -> test 2016-10-28..2017-01-30 (63d)
/usr/local/lib/python3.11/dist-packages/lightgbm/sklearn.py:1106: LGBMDeprecationWarning: The argument 'eval_set' is deprecated, use 'eval_X' and 'eval_y' instead.
  eval_set = _validate_eval_set_Xy(eval_set=eval_set, eval_X=eval_X, eval_y=eval_y)
Fold 5: train 2014-02-20..2017-01-20 (736d) -> test 2017-01-31..2017-05-01 (63d)
/usr/local/lib/python3.11/dist-packages/lightgbm/sklearn.py:1106: LGBMDeprecationWarning: The argument 'eval_set' is deprecated, use 'eval_X' and 'eval_y' instead.
  eval_set = _validate_eval_set_Xy(eval_set=eval_set, eval_X=eval_X, eval_y=eval_y)
